[      91ms] [INFO] %cDownload the React DevTools for a better development experience: https://react.dev/link/react-devtools font-weight:bold @ http://localhost:3000/_next/static/chunks/node_modules_next_dist_115brz8._.js:2477
[     100ms] [LOG] [HMR] connected @ http://localhost:3000/_next/static/chunks/node_modules_next_dist_115brz8._.js:2477
[     141ms] [ERROR] Access to fetch at 'http://localhost:8080/api/v1/main/executions?namespace=vid2tweet&flowId=content-pipeline' from origin 'http://localhost:3000' has been blocked by CORS policy: No 'Access-Control-Allow-Origin' header is present on the requested resource. @ http://localhost:3000/:0
[     141ms] [ERROR] Failed to load resource: net::ERR_FAILED @ http://localhost:8080/api/v1/main/executions?namespace=vid2tweet&flowId=content-pipeline:0
[     142ms] [ERROR] Failed to fetch executions TypeError: Failed to fetch
    at listExecutions (http://localhost:3000/_next/static/chunks/_0dq8goy._.js:56:23)
    at fetchExecutions (http://localhost:3000/_next/static/chunks/_0dq8goy._.js:112:184)
    at HomePage.useEffect (http://localhost:3000/_next/static/chunks/_0dq8goy._.js:127:13)
    at Object.react_stack_bottom_frame (http://localhost:3000/_next/static/chunks/node_modules_next_dist_compiled_react-dom_058-ah~._.js:15087:22)
    at runWithFiberInDEV (http://localhost:3000/_next/static/chunks/node_modules_next_dist_compiled_react-dom_058-ah~._.js:965:74)
    at commitHookEffectListMount (http://localhost:3000/_next/static/chunks/node_modules_next_dist_compiled_react-dom_058-ah~._.js:7255:167)
    at commitHookPassiveMountEffects (http://localhost:3000/_next/static/chunks/node_modules_next_dist_compiled_react-dom_058-ah~._.js:7290:60)
    at commitPassiveMountOnFiber (http://localhost:3000/_next/static/chunks/node_modules_next_dist_compiled_react-dom_058-ah~._.js:8689:33)
    at recursivelyTraversePassiveMountEffects (http://localhost:3000/_next/static/chunks/node_modules_next_dist_compiled_react-dom_058-ah~._.js:8676:316)
    at commitPassiveMountOnFiber (http://localhost:3000/_next/static/chunks/node_modules_next_dist_compiled_react-dom_058-ah~._.js:8688:17)
    at recursivelyTraversePassiveMountEffects (http://localhost:3000/_next/static/chunks/node_modules_next_dist_compiled_react-dom_058-ah~._.js:8676:316)
    at commitPassiveMountOnFiber (http://localhost:3000/_next/static/chunks/node_modules_next_dist_compiled_react-dom_058-ah~._.js:8688:17)
    at recursivelyTraversePassiveMountEffects (http://localhost:3000/_next/static/chunks/node_modules_next_dist_compiled_react-dom_058-ah~._.js:8676:316)
    at commitPassiveMountOnFiber (http://localhost:3000/_next/static/chunks/node_modules_next_dist_compiled_react-dom_058-ah~._.js:8750:17)
    at recursivelyTraversePassiveMountEffects (http://localhost:3000/_next/static/chunks/node_modules_next_dist_compiled_react-dom_058-ah~._.js:8676:316)
    at commitPassiveMountOnFiber (http://localhost:3000/_next/static/chunks/node_modules_next_dist_compiled_react-dom_058-ah~._.js:8750:17)
    at recursivelyTraversePassiveMountEffects (http://localhost:3000/_next/static/chunks/node_modules_next_dist_compiled_react-dom_058-ah~._.js:8676:316)
    at commitPassiveMountOnFiber (http://localhost:3000/_next/static/chunks/node_modules_next_dist_compiled_react-dom_058-ah~._.js:8688:17)
    at recursivelyTraversePassiveMountEffects (http://localhost:3000/_next/static/chunks/node_modules_next_dist_compiled_react-dom_058-ah~._.js:8676:316)
    at commitPassiveMountOnFiber (http://localhost:3000/_next/static/chunks/node_modules_next_dist_compiled_react-dom_058-ah~._.js:8693:17)
    at recursivelyTraversePassiveMountEffects (http://localhost:3000/_next/static/chunks/node_modules_next_dist_compiled_react-dom_058-ah~._.js:8676:316)
    at commitPassiveMountOnFiber (http://localhost:3000/_next/static/chunks/node_modules_next_dist_compiled_react-dom_058-ah~._.js:8688:17)
    at recursivelyTraversePassiveMountEffects (http://localhost:3000/_next/static/chunks/node_modules_next_dist_compiled_react-dom_058-ah~._.js:8676:316)
    at commitPassiveMountOnFiber (http://localhost:3000/_next/static/chunks/node_modules_next_dist_compiled_react-dom_058-ah~._.js:8693:17)
    at recursivelyTraversePassiveMountEffects (http://localhost:3000/_next/static/chunks/node_modules_next_dist_compiled_react-dom_058-ah~._.js:8676:316)
    at commitPassiveMountOnFiber (http://localhost:3000/_next/static/chunks/node_modules_next_dist_compiled_react-dom_058-ah~._.js:8688:17)
    at recursivelyTraversePassiveMountEffects (http://localhost:3000/_next/static/chunks/node_modules_next_dist_compiled_react-dom_058-ah~._.js:8676:316)
    at commitPassiveMountOnFiber (http://localhost:3000/_next/static/chunks/node_modules_next_dist_compiled_react-dom_058-ah~._.js:8688:17)
    at recursivelyTraversePassiveMountEffects (http://localhost:3000/_next/static/chunks/node_modules_next_dist_compiled_react-dom_058-ah~._.js:8676:316)
    at commitPassiveMountOnFiber (http://localhost:3000/_next/static/chunks/node_modules_next_dist_compiled_react-dom_058-ah~._.js:8688:17)
    at recursivelyTraversePassiveMountEffects (http://localhost:3000/_next/static/chunks/node_modules_next_dist_compiled_react-dom_058-ah~._.js:8676:316)
    at commitPassiveMountOnFiber (http://localhost:3000/_next/static/chunks/node_modules_next_dist_compiled_react-dom_058-ah~._.js:8693:17)
    at recursivelyTraversePassiveMountEffects (http://localhost:3000/_next/static/chunks/node_modules_next_dist_compiled_react-dom_058-ah~._.js:8676:316)
    at commitPassiveMountOnFiber (http://localhost:3000/_next/static/chunks/node_modules_next_dist_compiled_react-dom_058-ah~._.js:8688:17)
    at recursivelyTraversePassiveMountEffects (http://localhost:3000/_next/static/chunks/node_modules_next_dist_compiled_react-dom_058-ah~._.js:8676:316)
    at commitPassiveMountOnFiber (http://localhost:3000/_next/static/chunks/node_modules_next_dist_compiled_react-dom_058-ah~._.js:8688:17)
    at recursivelyTraversePassiveMountEffects (http://localhost:3000/_next/static/chunks/node_modules_next_dist_compiled_react-dom_058-ah~._.js:8676:316)
    at commitPassiveMountOnFiber (http://localhost:3000/_next/static/chunks/node_modules_next_dist_compiled_react-dom_058-ah~._.js:8750:17)
    at recursivelyTraversePassiveMountEffects (http://localhost:3000/_next/static/chunks/node_modules_next_dist_compiled_react-dom_058-ah~._.js:8676:316)
    at commitPassiveMountOnFiber (http://localhost:3000/_next/static/chunks/node_modules_next_dist_compiled_react-dom_058-ah~._.js:8750:17)
    at recursivelyTraversePassiveMountEffects (http://localhost:3000/_next/static/chunks/node_modules_next_dist_compiled_react-dom_058-ah~._.js:8676:316)
    at commitPassiveMountOnFiber (http://localhost:3000/_next/static/chunks/node_modules_next_dist_compiled_react-dom_058-ah~._.js:8688:17)
    at recursivelyTraversePassiveMountEffects (http://localhost:3000/_next/static/chunks/node_modules_next_dist_compiled_react-dom_058-ah~._.js:8676:316)
    at commitPassiveMountOnFiber (http://localhost:3000/_next/static/chunks/node_modules_next_dist_compiled_react-dom_058-ah~._.js:8688:17)
    at recursivelyTraversePassiveMountEffects (http://localhost:3000/_next/static/chunks/node_modules_next_dist_compiled_react-dom_058-ah~._.js:8676:316)
    at commitPassiveMountOnFiber (http://localhost:3000/_next/static/chunks/node_modules_next_dist_compiled_react-dom_058-ah~._.js:8750:17)
    at recursivelyTraversePassiveMountEffects (http://localhost:3000/_next/static/chunks/node_modules_next_dist_compiled_react-dom_058-ah~._.js:8676:316)
    at commitPassiveMountOnFiber (http://localhost:3000/_next/static/chunks/node_modules_next_dist_compiled_react-dom_058-ah~._.js:8750:17)
    at recursivelyTraversePassiveMountEffects (http://localhost:3000/_next/static/chunks/node_modules_next_dist_compiled_react-dom_058-ah~._.js:8676:316)
    at commitPassiveMountOnFiber (http://localhost:3000/_next/static/chunks/node_modules_next_dist_compiled_react-dom_058-ah~._.js:8750:17) @ http://localhost:3000/_next/static/chunks/node_modules_next_dist_115brz8._.js:3318
[    7994ms] [ERROR] WebSocket connection to 'ws://localhost:3000/_next/webpack-hmr?id=-M5aPKY9O2LbFPovW-1fy' failed: Error in connection establishment: net::ERR_CONNECTION_REFUSED @ http://localhost:3000/_next/static/chunks/node_modules_next_dist_client_0fhqo1d._.js:13322
[    8995ms] [ERROR] WebSocket connection to 'ws://localhost:3000/_next/webpack-hmr?id=-M5aPKY9O2LbFPovW-1fy' failed: Error in connection establishment: net::ERR_CONNECTION_REFUSED @ http://localhost:3000/_next/static/chunks/node_modules_next_dist_client_0fhqo1d._.js:13322
[    9997ms] [ERROR] WebSocket connection to 'ws://localhost:3000/_next/webpack-hmr?id=-M5aPKY9O2LbFPovW-1fy' failed: Error in connection establishment: net::ERR_CONNECTION_REFUSED @ http://localhost:3000/_next/static/chunks/node_modules_next_dist_client_0fhqo1d._.js:13322
[   10131ms] [ERROR] Access to fetch at 'http://localhost:8080/api/v1/main/executions?namespace=vid2tweet&flowId=content-pipeline' from origin 'http://localhost:3000' has been blocked by CORS policy: No 'Access-Control-Allow-Origin' header is present on the requested resource. @ http://localhost:3000/:0
[   10131ms] [ERROR] Failed to load resource: net::ERR_FAILED @ http://localhost:8080/api/v1/main/executions?namespace=vid2tweet&flowId=content-pipeline:0
[   10131ms] [ERROR] Failed to fetch executions TypeError: Failed to fetch
    at listExecutions (http://localhost:3000/_next/static/chunks/_0dq8goy._.js:56:23)
    at fetchExecutions (http://localhost:3000/_next/static/chunks/_0dq8goy._.js:112:184) @ http://localhost:3000/_next/static/chunks/node_modules_next_dist_115brz8._.js:3318
[   10133ms] [ERROR] WebSocket is already in CLOSING or CLOSED state. @ http://localhost:3000/_next/static/chunks/node_modules_next_dist_115brz8._.js:2836
[   10134ms] [ERROR] Failed to load resource: net::ERR_CONNECTION_REFUSED @ http://localhost:3000/__nextjs_original-stack-frames:0
[   10999ms] [ERROR] WebSocket connection to 'ws://localhost:3000/_next/webpack-hmr?id=-M5aPKY9O2LbFPovW-1fy' failed: Error in connection establishment: net::ERR_CONNECTION_REFUSED @ http://localhost:3000/_next/static/chunks/node_modules_next_dist_client_0fhqo1d._.js:13322
[   12003ms] [ERROR] WebSocket connection to 'ws://localhost:3000/_next/webpack-hmr?id=-M5aPKY9O2LbFPovW-1fy' failed: Error in connection establishment: net::ERR_CONNECTION_REFUSED @ http://localhost:3000/_next/static/chunks/node_modules_next_dist_client_0fhqo1d._.js:13322
[   17005ms] [ERROR] WebSocket connection to 'ws://localhost:3000/_next/webpack-hmr?id=-M5aPKY9O2LbFPovW-1fy' failed: Error in connection establishment: net::ERR_CONNECTION_REFUSED @ http://localhost:3000/_next/static/chunks/node_modules_next_dist_client_0fhqo1d._.js:13322
[   20136ms] [ERROR] Access to fetch at 'http://localhost:8080/api/v1/main/executions?namespace=vid2tweet&flowId=content-pipeline' from origin 'http://localhost:3000' has been blocked by CORS policy: No 'Access-Control-Allow-Origin' header is present on the requested resource. @ http://localhost:3000/:0
[   20136ms] [ERROR] Failed to load resource: net::ERR_FAILED @ http://localhost:8080/api/v1/main/executions?namespace=vid2tweet&flowId=content-pipeline:0
[   20136ms] [ERROR] Failed to fetch executions TypeError: Failed to fetch
    at listExecutions (http://localhost:3000/_next/static/chunks/_0dq8goy._.js:56:23)
    at fetchExecutions (http://localhost:3000/_next/static/chunks/_0dq8goy._.js:112:184) @ http://localhost:3000/_next/static/chunks/node_modules_next_dist_115brz8._.js:3318
[   20140ms] [ERROR] WebSocket is already in CLOSING or CLOSED state. @ http://localhost:3000/_next/static/chunks/node_modules_next_dist_115brz8._.js:2836
[   22009ms] [ERROR] WebSocket connection to 'ws://localhost:3000/_next/webpack-hmr?id=-M5aPKY9O2LbFPovW-1fy' failed: Error in connection establishment: net::ERR_CONNECTION_REFUSED @ http://localhost:3000/_next/static/chunks/node_modules_next_dist_client_0fhqo1d._.js:13322
[   27013ms] [ERROR] WebSocket connection to 'ws://localhost:3000/_next/webpack-hmr?id=-M5aPKY9O2LbFPovW-1fy' failed: Error in connection establishment: net::ERR_CONNECTION_REFUSED @ http://localhost:3000/_next/static/chunks/node_modules_next_dist_client_0fhqo1d._.js:13322
[   30152ms] [ERROR] Access to fetch at 'http://localhost:8080/api/v1/main/executions?namespace=vid2tweet&flowId=content-pipeline' from origin 'http://localhost:3000' has been blocked by CORS policy: No 'Access-Control-Allow-Origin' header is present on the requested resource. @ http://localhost:3000/:0
[   30152ms] [ERROR] Failed to load resource: net::ERR_FAILED @ http://localhost:8080/api/v1/main/executions?namespace=vid2tweet&flowId=content-pipeline:0
[   30153ms] [ERROR] Failed to fetch executions TypeError: Failed to fetch
    at listExecutions (http://localhost:3000/_next/static/chunks/_0dq8goy._.js:56:23)
    at fetchExecutions (http://localhost:3000/_next/static/chunks/_0dq8goy._.js:112:184) @ http://localhost:3000/_next/static/chunks/node_modules_next_dist_115brz8._.js:3318
[   30155ms] [ERROR] WebSocket is already in CLOSING or CLOSED state. @ http://localhost:3000/_next/static/chunks/node_modules_next_dist_115brz8._.js:2836
[   31758ms] [ERROR] Failed to load resource: net::ERR_CONNECTION_REFUSED @ http://localhost:3000/__nextjs_font/geist-mono-latin.woff2:0
[   32015ms] [ERROR] WebSocket connection to 'ws://localhost:3000/_next/webpack-hmr?id=-M5aPKY9O2LbFPovW-1fy' failed: Error in connection establishment: net::ERR_CONNECTION_REFUSED @ http://localhost:3000/_next/static/chunks/node_modules_next_dist_client_0fhqo1d._.js:13322
[   37018ms] [ERROR] WebSocket connection to 'ws://localhost:3000/_next/webpack-hmr?id=-M5aPKY9O2LbFPovW-1fy' failed: Error in connection establishment: net::ERR_CONNECTION_REFUSED @ http://localhost:3000/_next/static/chunks/node_modules_next_dist_client_0fhqo1d._.js:13322
[   40139ms] [ERROR] Access to fetch at 'http://localhost:8080/api/v1/main/executions?namespace=vid2tweet&flowId=content-pipeline' from origin 'http://localhost:3000' has been blocked by CORS policy: No 'Access-Control-Allow-Origin' header is present on the requested resource. @ http://localhost:3000/:0
[   40139ms] [ERROR] Failed to load resource: net::ERR_FAILED @ http://localhost:8080/api/v1/main/executions?namespace=vid2tweet&flowId=content-pipeline:0
[   40139ms] [ERROR] Failed to fetch executions TypeError: Failed to fetch
    at listExecutions (http://localhost:3000/_next/static/chunks/_0dq8goy._.js:56:23)
    at fetchExecutions (http://localhost:3000/_next/static/chunks/_0dq8goy._.js:112:184) @ http://localhost:3000/_next/static/chunks/node_modules_next_dist_115brz8._.js:3318
[   40140ms] [ERROR] WebSocket is already in CLOSING or CLOSED state. @ http://localhost:3000/_next/static/chunks/node_modules_next_dist_115brz8._.js:2836
[   42021ms] [ERROR] WebSocket connection to 'ws://localhost:3000/_next/webpack-hmr?id=-M5aPKY9O2LbFPovW-1fy' failed: Error in connection establishment: net::ERR_CONNECTION_REFUSED @ http://localhost:3000/_next/static/chunks/node_modules_next_dist_client_0fhqo1d._.js:13322
[   47025ms] [ERROR] WebSocket connection to 'ws://localhost:3000/_next/webpack-hmr?id=-M5aPKY9O2LbFPovW-1fy' failed: Error in connection establishment: net::ERR_CONNECTION_REFUSED @ http://localhost:3000/_next/static/chunks/node_modules_next_dist_client_0fhqo1d._.js:13322
